
> virel@3.0.0 build
> prisma generate && next build

Environment variables loaded from .env
Prisma schema loaded from prisma\schema.prisma

✔ Generated Prisma Client (v5.22.0) to .\node_modules\@prisma\client in 596ms

Start by importing your Prisma Client (See: https://pris.ly/d/importing-client)

Tip: Interested in query caching in just a few lines of code? Try Accelerate today! https://pris.ly/tip-3-accelerate

  ▲ Next.js 14.2.35
  - Environments: .env.local, .env.production, .env
  - Experiments (use with caution):
    · cpus
    · instrumentationHook

   Creating an optimized production build ...
[@sentry/nextjs] It seems like you don't have a global error handler set up. It is recommended that you add a 'global-error.js' file with Sentry instrumentation so that React rendering errors are reported to Sentry. Read more: https://docs.sentry.io/platforms/javascript/guides/nextjs/manual-setup/#react-render-errors-in-app-router (you can suppress this warning by setting SENTRY_SUPPRESS_GLOBAL_ERROR_HANDLER_FILE_WARNING=1 as environment variable)
 ✓ Compiled successfully
   Linting and checking validity of types ...
   Collecting page data ...
prisma:error 
Invalid `prisma.blogPost.findMany()` invocation:


error: Error validating datasource `db`: You must provide a nonempty URL. The environment variable `DATABASE_URL` resolved to an empty string.
  -->  schema.prisma:7
   | 
 6 |   provider  = "postgresql"
 7 |   url       = env("DATABASE_URL")
   | 

Validation Error Count: 1

STDERR:
[@sentry/nextjs] DEPRECATION WARNING: disableLogger is deprecated and will be removed in a future version. Use webpack.treeshake.removeDebugLogging instead.
[@sentry/nextjs] DEPRECATION WARNING: It is recommended renaming your `sentry.client.config.ts` file, or moving its content to `instrumentation-client.ts`. When using Turbopack `sentry.client.config.ts` will no longer work. Read more about the `instrumentation-client.ts` file: https://nextjs.org/docs/app/api-reference/file-conventions/instrumentation-client
<w> [webpack.cache.PackFileCacheStrategy] Serializing big strings (189kiB) impacts deserialization performance (consider using Buffer instead and decode when needed)
<w> [webpack.cache.PackFileCacheStrategy] Serializing big strings (139kiB) impacts deserialization performance (consider using Buffer instead and decode when needed)
 ⚠ Using edge runtime on a page currently disables static generation for that page
PrismaClientInitializationError: 
Invalid `prisma.blogPost.findMany()` invocation:


error: Error validating datasource `db`: You must provide a nonempty URL. The environment variable `DATABASE_URL` resolved to an empty string.
  -->  schema.prisma:7
   | 
 6 |   provider  = "postgresql"
 7 |   url       = env("DATABASE_URL")
   | 

Validation Error Count: 1
    at $n.handleRequestError (C:\Virel\node_modules\@prisma\client\runtime\library.js:121:7615)
    at $n.handleAndLogRequestError (C:\Virel\node_modules\@prisma\client\runtime\library.js:121:6623)
    at $n.request (C:\Virel\node_modules\@prisma\client\runtime\library.js:121:6307)
    at async l (C:\Virel\node_modules\@prisma\client\runtime\library.js:130:9633)
    at async Object.p [as generateStaticParams] (C:\Virel\.next\server\app\blog\[slug]\page.js:1:2903)
    at async buildParams (C:\Virel\node_modules\next\dist\build\utils.js:1026:40)
    at async C:\Virel\node_modules\next\dist\build\utils.js:1043:33
    at async C:\Virel\node_modules\next\dist\build\utils.js:1178:114
    at async Span.traceAsyncFn (C:\Virel\node_modules\next\dist\trace\trace.js:154:20) {
  clientVersion: '5.22.0',
  errorCode: undefined
}

> Build error occurred
Error: Failed to collect page data for /blog/[slug]
    at C:\Virel\node_modules\next\dist\build\utils.js:1269:15 {
  type: 'Error'
}
